// Jest Snapshot v1, https://goo.gl/fbAQLP

exports[`Pokemon List renders correctly 1`] = `
ShallowWrapper {
  "length": 1,
  Symbol(enzyme.__root__): [Circular],
  Symbol(enzyme.__unrendered__): <PokemonList
    activeEl={null}
    getPokemon={[Function]}
    getPokemonList={[Function]}
    hasError={false}
    loadingList={false}
    nextPage=""
    page={1}
    pokemonNotFound={false}
    pokemons={Array []}
    previousPage=""
/>,
  Symbol(enzyme.__renderer__): Object {
    "batchedUpdates": [Function],
    "getNode": [Function],
    "render": [Function],
    "simulateEvent": [Function],
    "unmount": [Function],
  },
  Symbol(enzyme.__node__): Object {
    "instance": null,
    "key": undefined,
    "nodeType": "host",
    "props": Object {
      "children": <div
        className="row"
>
        <h3
                className="mt-4 mx-auto"
        >
                 LIST OF POKEMONS
        </h3>
        <div
                className="col-12 "
        />
        <div
                className="col-lg-3 col-md-3 col-sm-5 col-xs-6 mx-auto"
        >
                <div
                        className="text-center"
                >
                        <button
                                className="btn btn-outline-info disabled"
                                onClick={[Function]}
                        >
                                Previous
                        </button>
                        <button
                                className="btn btn-outline-info disabled"
                                onClick={[Function]}
                        >
                                Next
                        </button>
                </div>
                <div>
                        <ul
                                className="list-group my-4"
                        >
                                
                        </ul>
                </div>
                <hr
                        className="d-block d-sm-none"
                />
        </div>
        <div
                className="col-lg-8 col-md-8 col-sm-7 col-xs-6 mx-auto"
        >
                <Connect(PokemonDetail) />
        </div>
</div>,
      "className": "container",
    },
    "ref": null,
    "rendered": Object {
      "instance": null,
      "key": undefined,
      "nodeType": "host",
      "props": Object {
        "children": Array [
          <h3
            className="mt-4 mx-auto"
>
             LIST OF POKEMONS
</h3>,
          <div
            className="col-12 "
/>,
          <div
            className="col-lg-3 col-md-3 col-sm-5 col-xs-6 mx-auto"
>
            <div
                        className="text-center"
            >
                        <button
                                    className="btn btn-outline-info disabled"
                                    onClick={[Function]}
                        >
                                    Previous
                        </button>
                        <button
                                    className="btn btn-outline-info disabled"
                                    onClick={[Function]}
                        >
                                    Next
                        </button>
            </div>
            <div>
                        <ul
                                    className="list-group my-4"
                        >
                                    
                        </ul>
            </div>
            <hr
                        className="d-block d-sm-none"
            />
</div>,
          <div
            className="col-lg-8 col-md-8 col-sm-7 col-xs-6 mx-auto"
>
            <Connect(PokemonDetail) />
</div>,
        ],
        "className": "row",
      },
      "ref": null,
      "rendered": Array [
        Object {
          "instance": null,
          "key": undefined,
          "nodeType": "host",
          "props": Object {
            "children": " LIST OF POKEMONS",
            "className": "mt-4 mx-auto",
          },
          "ref": null,
          "rendered": " LIST OF POKEMONS",
          "type": "h3",
        },
        Object {
          "instance": null,
          "key": undefined,
          "nodeType": "host",
          "props": Object {
            "className": "col-12 ",
          },
          "ref": null,
          "rendered": null,
          "type": "div",
        },
        Object {
          "instance": null,
          "key": undefined,
          "nodeType": "host",
          "props": Object {
            "children": Array [
              <div
                className="text-center"
>
                <button
                                className="btn btn-outline-info disabled"
                                onClick={[Function]}
                >
                                Previous
                </button>
                <button
                                className="btn btn-outline-info disabled"
                                onClick={[Function]}
                >
                                Next
                </button>
</div>,
              <div>
                <ul
                                className="list-group my-4"
                >
                                
                </ul>
</div>,
              <hr
                className="d-block d-sm-none"
/>,
            ],
            "className": "col-lg-3 col-md-3 col-sm-5 col-xs-6 mx-auto",
          },
          "ref": null,
          "rendered": Array [
            Object {
              "instance": null,
              "key": undefined,
              "nodeType": "host",
              "props": Object {
                "children": Array [
                  <button
                    className="btn btn-outline-info disabled"
                    onClick={[Function]}
>
                    Previous
</button>,
                  <button
                    className="btn btn-outline-info disabled"
                    onClick={[Function]}
>
                    Next
</button>,
                ],
                "className": "text-center",
              },
              "ref": null,
              "rendered": Array [
                Object {
                  "instance": null,
                  "key": undefined,
                  "nodeType": "host",
                  "props": Object {
                    "children": "Previous",
                    "className": "btn btn-outline-info disabled",
                    "onClick": [Function],
                  },
                  "ref": null,
                  "rendered": "Previous",
                  "type": "button",
                },
                Object {
                  "instance": null,
                  "key": undefined,
                  "nodeType": "host",
                  "props": Object {
                    "children": "Next",
                    "className": "btn btn-outline-info disabled",
                    "onClick": [Function],
                  },
                  "ref": null,
                  "rendered": "Next",
                  "type": "button",
                },
              ],
              "type": "div",
            },
            Object {
              "instance": null,
              "key": undefined,
              "nodeType": "host",
              "props": Object {
                "children": <ul
                  className="list-group my-4"
>
                  
</ul>,
              },
              "ref": null,
              "rendered": Object {
                "instance": null,
                "key": undefined,
                "nodeType": "host",
                "props": Object {
                  "children": Array [
                    false,
                    false,
                    Array [],
                  ],
                  "className": "list-group my-4",
                },
                "ref": null,
                "rendered": Array [
                  false,
                  false,
                ],
                "type": "ul",
              },
              "type": "div",
            },
            Object {
              "instance": null,
              "key": undefined,
              "nodeType": "host",
              "props": Object {
                "className": "d-block d-sm-none",
              },
              "ref": null,
              "rendered": null,
              "type": "hr",
            },
          ],
          "type": "div",
        },
        Object {
          "instance": null,
          "key": undefined,
          "nodeType": "host",
          "props": Object {
            "children": <Connect(PokemonDetail) />,
            "className": "col-lg-8 col-md-8 col-sm-7 col-xs-6 mx-auto",
          },
          "ref": null,
          "rendered": Object {
            "instance": null,
            "key": undefined,
            "nodeType": "class",
            "props": Object {},
            "ref": null,
            "rendered": null,
            "type": [Function],
          },
          "type": "div",
        },
      ],
      "type": "div",
    },
    "type": "div",
  },
  Symbol(enzyme.__nodes__): Array [
    Object {
      "instance": null,
      "key": undefined,
      "nodeType": "host",
      "props": Object {
        "children": <div
          className="row"
>
          <h3
                    className="mt-4 mx-auto"
          >
                     LIST OF POKEMONS
          </h3>
          <div
                    className="col-12 "
          />
          <div
                    className="col-lg-3 col-md-3 col-sm-5 col-xs-6 mx-auto"
          >
                    <div
                              className="text-center"
                    >
                              <button
                                        className="btn btn-outline-info disabled"
                                        onClick={[Function]}
                              >
                                        Previous
                              </button>
                              <button
                                        className="btn btn-outline-info disabled"
                                        onClick={[Function]}
                              >
                                        Next
                              </button>
                    </div>
                    <div>
                              <ul
                                        className="list-group my-4"
                              >
                                        
                              </ul>
                    </div>
                    <hr
                              className="d-block d-sm-none"
                    />
          </div>
          <div
                    className="col-lg-8 col-md-8 col-sm-7 col-xs-6 mx-auto"
          >
                    <Connect(PokemonDetail) />
          </div>
</div>,
        "className": "container",
      },
      "ref": null,
      "rendered": Object {
        "instance": null,
        "key": undefined,
        "nodeType": "host",
        "props": Object {
          "children": Array [
            <h3
              className="mt-4 mx-auto"
>
               LIST OF POKEMONS
</h3>,
            <div
              className="col-12 "
/>,
            <div
              className="col-lg-3 col-md-3 col-sm-5 col-xs-6 mx-auto"
>
              <div
                            className="text-center"
              >
                            <button
                                          className="btn btn-outline-info disabled"
                                          onClick={[Function]}
                            >
                                          Previous
                            </button>
                            <button
                                          className="btn btn-outline-info disabled"
                                          onClick={[Function]}
                            >
                                          Next
                            </button>
              </div>
              <div>
                            <ul
                                          className="list-group my-4"
                            >
                                          
                            </ul>
              </div>
              <hr
                            className="d-block d-sm-none"
              />
</div>,
            <div
              className="col-lg-8 col-md-8 col-sm-7 col-xs-6 mx-auto"
>
              <Connect(PokemonDetail) />
</div>,
          ],
          "className": "row",
        },
        "ref": null,
        "rendered": Array [
          Object {
            "instance": null,
            "key": undefined,
            "nodeType": "host",
            "props": Object {
              "children": " LIST OF POKEMONS",
              "className": "mt-4 mx-auto",
            },
            "ref": null,
            "rendered": " LIST OF POKEMONS",
            "type": "h3",
          },
          Object {
            "instance": null,
            "key": undefined,
            "nodeType": "host",
            "props": Object {
              "className": "col-12 ",
            },
            "ref": null,
            "rendered": null,
            "type": "div",
          },
          Object {
            "instance": null,
            "key": undefined,
            "nodeType": "host",
            "props": Object {
              "children": Array [
                <div
                  className="text-center"
>
                  <button
                                    className="btn btn-outline-info disabled"
                                    onClick={[Function]}
                  >
                                    Previous
                  </button>
                  <button
                                    className="btn btn-outline-info disabled"
                                    onClick={[Function]}
                  >
                                    Next
                  </button>
</div>,
                <div>
                  <ul
                                    className="list-group my-4"
                  >
                                    
                  </ul>
</div>,
                <hr
                  className="d-block d-sm-none"
/>,
              ],
              "className": "col-lg-3 col-md-3 col-sm-5 col-xs-6 mx-auto",
            },
            "ref": null,
            "rendered": Array [
              Object {
                "instance": null,
                "key": undefined,
                "nodeType": "host",
                "props": Object {
                  "children": Array [
                    <button
                      className="btn btn-outline-info disabled"
                      onClick={[Function]}
>
                      Previous
</button>,
                    <button
                      className="btn btn-outline-info disabled"
                      onClick={[Function]}
>
                      Next
</button>,
                  ],
                  "className": "text-center",
                },
                "ref": null,
                "rendered": Array [
                  Object {
                    "instance": null,
                    "key": undefined,
                    "nodeType": "host",
                    "props": Object {
                      "children": "Previous",
                      "className": "btn btn-outline-info disabled",
                      "onClick": [Function],
                    },
                    "ref": null,
                    "rendered": "Previous",
                    "type": "button",
                  },
                  Object {
                    "instance": null,
                    "key": undefined,
                    "nodeType": "host",
                    "props": Object {
                      "children": "Next",
                      "className": "btn btn-outline-info disabled",
                      "onClick": [Function],
                    },
                    "ref": null,
                    "rendered": "Next",
                    "type": "button",
                  },
                ],
                "type": "div",
              },
              Object {
                "instance": null,
                "key": undefined,
                "nodeType": "host",
                "props": Object {
                  "children": <ul
                    className="list-group my-4"
>
                    
</ul>,
                },
                "ref": null,
                "rendered": Object {
                  "instance": null,
                  "key": undefined,
                  "nodeType": "host",
                  "props": Object {
                    "children": Array [
                      false,
                      false,
                      Array [],
                    ],
                    "className": "list-group my-4",
                  },
                  "ref": null,
                  "rendered": Array [
                    false,
                    false,
                  ],
                  "type": "ul",
                },
                "type": "div",
              },
              Object {
                "instance": null,
                "key": undefined,
                "nodeType": "host",
                "props": Object {
                  "className": "d-block d-sm-none",
                },
                "ref": null,
                "rendered": null,
                "type": "hr",
              },
            ],
            "type": "div",
          },
          Object {
            "instance": null,
            "key": undefined,
            "nodeType": "host",
            "props": Object {
              "children": <Connect(PokemonDetail) />,
              "className": "col-lg-8 col-md-8 col-sm-7 col-xs-6 mx-auto",
            },
            "ref": null,
            "rendered": Object {
              "instance": null,
              "key": undefined,
              "nodeType": "class",
              "props": Object {},
              "ref": null,
              "rendered": null,
              "type": [Function],
            },
            "type": "div",
          },
        ],
        "type": "div",
      },
      "type": "div",
    },
  ],
  Symbol(enzyme.__options__): Object {
    "adapter": ReactSixteenAdapter {
      "options": Object {
        "enableComponentDidUpdateOnSetState": true,
      },
    },
  },
}
`;
