// Jest Snapshot v1, https://goo.gl/fbAQLP

exports[`Search Pokemon renders correctly 1`] = `
ShallowWrapper {
  "length": 1,
  Symbol(enzyme.__root__): [Circular],
  Symbol(enzyme.__unrendered__): <SearchPokemonByName
    searchPokemon={[Function]}
    term=""
/>,
  Symbol(enzyme.__renderer__): Object {
    "batchedUpdates": [Function],
    "getNode": [Function],
    "render": [Function],
    "simulateEvent": [Function],
    "unmount": [Function],
  },
  Symbol(enzyme.__node__): Object {
    "instance": null,
    "key": undefined,
    "nodeType": "host",
    "props": Object {
      "children": Array [
        <input
          className="form-control"
          onChange={[Function]}
          placeholder="Enter pokemon name..."
          value=""
/>,
        <span
          className="input-group-btn "
>
          <button
                    className="btn btn-light"
                    type="submit"
          >
                    Search
          </button>
</span>,
      ],
      "className": "form-inline my-2 my-lg-0 ",
      "onSubmit": [Function],
    },
    "ref": null,
    "rendered": Array [
      Object {
        "instance": null,
        "key": undefined,
        "nodeType": "host",
        "props": Object {
          "className": "form-control",
          "onChange": [Function],
          "placeholder": "Enter pokemon name...",
          "value": "",
        },
        "ref": null,
        "rendered": null,
        "type": "input",
      },
      Object {
        "instance": null,
        "key": undefined,
        "nodeType": "host",
        "props": Object {
          "children": <button
            className="btn btn-light"
            type="submit"
>
            Search
</button>,
          "className": "input-group-btn ",
        },
        "ref": null,
        "rendered": Object {
          "instance": null,
          "key": undefined,
          "nodeType": "host",
          "props": Object {
            "children": "Search",
            "className": "btn btn-light",
            "type": "submit",
          },
          "ref": null,
          "rendered": "Search",
          "type": "button",
        },
        "type": "span",
      },
    ],
    "type": "form",
  },
  Symbol(enzyme.__nodes__): Array [
    Object {
      "instance": null,
      "key": undefined,
      "nodeType": "host",
      "props": Object {
        "children": Array [
          <input
            className="form-control"
            onChange={[Function]}
            placeholder="Enter pokemon name..."
            value=""
/>,
          <span
            className="input-group-btn "
>
            <button
                        className="btn btn-light"
                        type="submit"
            >
                        Search
            </button>
</span>,
        ],
        "className": "form-inline my-2 my-lg-0 ",
        "onSubmit": [Function],
      },
      "ref": null,
      "rendered": Array [
        Object {
          "instance": null,
          "key": undefined,
          "nodeType": "host",
          "props": Object {
            "className": "form-control",
            "onChange": [Function],
            "placeholder": "Enter pokemon name...",
            "value": "",
          },
          "ref": null,
          "rendered": null,
          "type": "input",
        },
        Object {
          "instance": null,
          "key": undefined,
          "nodeType": "host",
          "props": Object {
            "children": <button
              className="btn btn-light"
              type="submit"
>
              Search
</button>,
            "className": "input-group-btn ",
          },
          "ref": null,
          "rendered": Object {
            "instance": null,
            "key": undefined,
            "nodeType": "host",
            "props": Object {
              "children": "Search",
              "className": "btn btn-light",
              "type": "submit",
            },
            "ref": null,
            "rendered": "Search",
            "type": "button",
          },
          "type": "span",
        },
      ],
      "type": "form",
    },
  ],
  Symbol(enzyme.__options__): Object {
    "adapter": ReactSixteenAdapter {
      "options": Object {
        "enableComponentDidUpdateOnSetState": true,
      },
    },
  },
}
`;
